
> frontend@0.1.0 build
> react-scripts build

node.exe : (node:9844) 
[DEP0176] 
DeprecationWarning: 
fs.F_OK is deprecated, 
use fs.constants.F_OK 
instead
At line:1 char:1
+ & "C:\Program 
Files\nodejs/node.exe" 
"C:\Program 
Files\nodejs/node_mo ...
+ ~~~~~~~~~~~~~~~~~~~~~~~~
~~~~~~~~~~~~~~~~~~~~~~~~~~
~~~~~~~~~~~~~~~~~~~
    + CategoryInfo        
      : NotSpe    cified: 
((node:9    844) 
[DE...ts.F_    OK 
instead:Strin    g) [], 
RemoteExc    eption
    + FullyQualified    
ErrorId : Native    
CommandError
 
(Use `node 
--trace-deprecation ...` 
to show where the warning 
was created)
Creating an optimized production build...
Compiled with warnings.

[eslint] 
src\components\header.jsx
  Line 7:11:  'navigate' is assigned a value but never used  no-unused-vars

src\pages\doctor\DoctorChangePassword.jsx
  Line 5:11:  'navigate' is assigned a value but never used  no-unused-vars

src\pages\doctor\DoctorNotifications.jsx
  Line 1:17:  'useState' is defined but never used  no-unused-vars

src\pages\doctor\PatientManagement.jsx
  Line 11:22:  'setPatients' is assigned a value but never used  no-unused-vars

src\pages\login.jsx
  Line 172:8:  React Hook useCallback has missing dependencies: 'demoLogin' and 'validate'. Either include them or remove the dependency array  react-hooks/exhaustive-deps

src\pages\patient\ChangePassword.jsx
  Line 48:8:  React Hook useCallback has a missing dependency: 'validate'. Either include it or remove the dependency array  react-hooks/exhaustive-deps

src\pages\patient\Inbox.jsx
  Line 380:49:  Unexpected mix of '&&' and '||'. Use parentheses to clarify the intended order of operations  no-mixed-operators
  Line 380:67:  Unexpected mix of '&&' and '||'. Use parentheses to clarify the intended order of operations  no-mixed-operators

src\pages\patient\VideoCall.jsx
  Line 1:38:  'useRef' is defined but never used  no-unused-vars

Search for the keywords to learn more about each warning.
To ignore, add // eslint-disable-next-line to the line before.

File sizes after gzip:

  126.08 kB (+646 B)  build\static\js\main.d71aaa53.js
  14.87 kB            build\static\css\main.86108914.css
  1.76 kB             build\static\js\453.20359781.chunk.js

The project was built assuming it is hosted at /.
You can control this with the homepage field in your package.json.

The build folder is ready to be deployed.
You may serve it with a static server:

  npm install -g serve
  serve -s build

Find out more about deployment here:

  https://cra.link/deployment

